# test1

[Link1][1]
`[InlineCode](http://www.example.com/inlinecode)`
```
[CodeBlock1](http://www.example.com/codeblock1)
```
```sh
[CodeBlock2](http://www.example.com/codeblock2)
```


[1]:http://www.example.com/link1
