# test0

[Link1][1]
[Link2][2]
[Link1-2][1]


[1]:http://www.example.com/link1
[2]:http://www.example.com/link2
